################################################################################
#                                                                              #
#      IAR Universal Linker V6.3.4.78                                          #
#                                                                              #
#           Link time     =  18/Feb/2016  17:34:19                             #
#           Target CPU    =  MSP430                                            #
#           List file     =  "C:\03.Station\Noroshi_station_920MHz for Niikura #
#                            San setRSSI\ide\iar\cc1200_rx_sniff_mode_920MHzx1 #
#                            00kbps\RX\List\cc1200_rx_sniff_mode.map"          #
#           Output file 1 =  "C:\03.Station\Noroshi_station_920MHz for Niikura #
#                            San setRSSI\ide\iar\cc1200_rx_sniff_mode_920MHzx1 #
#                            00kbps\RX\Exe\cc1200_rx_sniff_mode.d43"           #
#                            Format: ubrof10                                   #
#                            UBROF version 10.0.6                              #
#                            Using library modules for C-SPY (-rt)             #
#           Command line  =  "C:\03.Station\Noroshi_station_920MHz for Niikura #
#                            San setRSSI\ide\iar\cc1200_rx_sniff_mode_920MHzx1 #
#                            00kbps\RX\Obj\als_trxeb.r43"                      #
#                            "C:\03.Station\Noroshi_station_920MHz for Niikura #
#                            San setRSSI\ide\iar\cc1200_rx_sniff_mode_920MHzx1 #
#                            00kbps\RX\Obj\bsp.r43"                            #
#                            "C:\03.Station\Noroshi_station_920MHz for Niikura #
#                            San setRSSI\ide\iar\cc1200_rx_sniff_mode_920MHzx1 #
#                            00kbps\RX\Obj\bsp_key.r43"                        #
#                            "C:\03.Station\Noroshi_station_920MHz for Niikura #
#                            San setRSSI\ide\iar\cc1200_rx_sniff_mode_920MHzx1 #
#                            00kbps\RX\Obj\bsp_led.r43"                        #
#                            "C:\03.Station\Noroshi_station_920MHz for Niikura #
#                            San setRSSI\ide\iar\cc1200_rx_sniff_mode_920MHzx1 #
#                            00kbps\RX\Obj\bsp_uart.r43"                       #
#                            "C:\03.Station\Noroshi_station_920MHz for Niikura #
#                            San setRSSI\ide\iar\cc1200_rx_sniff_mode_920MHzx1 #
#                            00kbps\RX\Obj\cc1200_rx_sniff_mode_rx.r43"        #
#                            "C:\03.Station\Noroshi_station_920MHz for Niikura #
#                            San setRSSI\ide\iar\cc1200_rx_sniff_mode_920MHzx1 #
#                            00kbps\RX\Obj\cc120x_spi.r43"                     #
#                            "C:\03.Station\Noroshi_station_920MHz for Niikura #
#                            San setRSSI\ide\iar\cc1200_rx_sniff_mode_920MHzx1 #
#                            00kbps\RX\Obj\flash_trxeb.r43"                    #
#                            "C:\03.Station\Noroshi_station_920MHz for Niikura #
#                            San setRSSI\ide\iar\cc1200_rx_sniff_mode_920MHzx1 #
#                            00kbps\RX\Obj\hal_spi_rf_trxeb.r43"               #
#                            "C:\03.Station\Noroshi_station_920MHz for Niikura #
#                            San setRSSI\ide\iar\cc1200_rx_sniff_mode_920MHzx1 #
#                            00kbps\RX\Obj\io_pin_int.r43"                     #
#                            "C:\03.Station\Noroshi_station_920MHz for Niikura #
#                            San setRSSI\ide\iar\cc1200_rx_sniff_mode_920MHzx1 #
#                            00kbps\RX\Obj\lcd_dogm128_6.r43"                  #
#                            "C:\03.Station\Noroshi_station_920MHz for Niikura #
#                            San setRSSI\ide\iar\cc1200_rx_sniff_mode_920MHzx1 #
#                            00kbps\RX\Obj\lcd_dogm128_6_alphabet.r43"         #
#                            "C:\03.Station\Noroshi_station_920MHz for Niikura #
#                            San setRSSI\ide\iar\cc1200_rx_sniff_mode_920MHzx1 #
#                            00kbps\RX\Obj\lcd_trxeb.r43"                      #
#                            "C:\03.Station\Noroshi_station_920MHz for Niikura #
#                            San setRSSI\ide\iar\cc1200_rx_sniff_mode_920MHzx1 #
#                            00kbps\RX\Obj\uart.r43"                           #
#                            -o                                                #
#                            "C:\03.Station\Noroshi_station_920MHz for Niikura #
#                            San setRSSI\ide\iar\cc1200_rx_sniff_mode_920MHzx1 #
#                            00kbps\RX\Exe\cc1200_rx_sniff_mode.d43"           #
#                            -l                                                #
#                            "C:\03.Station\Noroshi_station_920MHz for Niikura #
#                            San setRSSI\ide\iar\cc1200_rx_sniff_mode_920MHzx1 #
#                            00kbps\RX\List\cc1200_rx_sniff_mode.map"          #
#                            -xms                                              #
#                            "-IC:\Program Files (x86)\IAR Systems\Embedded Wo #
#                            rkbench 7.3\430\LIB\"                             #
#                            -f                                                #
#                            "C:\Program Files (x86)\IAR Systems\Embedded Work #
#                            bench 7.3\430\config\linker\lnk430f5438a.xcl"     #
#                            (-cmsp430 -D?CPU30_OFFSET=2 -QCODE_I=CODE_ID      #
#                            -QTLS16_I=TLS16_ID -D__iar_HWMUL=4C0              #
#                            -Z(CONST)INFO=1800-19FF                           #
#                            -Z(CONST)INFOA=1980-19FF                          #
#                            -Z(CONST)INFOB=1900-197F                          #
#                            -Z(CONST)INFOC=1880-18FF                          #
#                            -Z(CONST)INFOD=1800-187F                          #
#                            -Z(DATA)DATA16_I,DATA16_Z,DATA16_N,TLS16_I=1C00-5 #
#                            BFF                                               #
#                            -Z(DATA)DATA16_HEAP+_DATA16_HEAP_SIZE             #
#                            -Z(DATA)CODE_I                                    #
#                            -Z(DATA)DATA20_I,DATA20_Z,DATA20_N,DATA20_HEAP+_D #
#                            ATA20_HEAP_SIZE                                   #
#                            -Z(DATA)CSTACK+_STACK_SIZE#                       #
#                            -Z(CONST)DATA16_C,DATA16_ID,TLS16_ID,DIFUNCT,CHEC #
#                            KSUM=5C00-FF7F                                    #
#                            -Z(CODE)CSTART,ISR_CODE,CODE16=5C00-FF7F          #
#                            -P(CODE)CODE=5C00-FF7F,10000-45BFF                #
#                            -Z(CONST)DATA20_C,DATA20_ID,CODE_ID=5C00-FF7F,100 #
#                            40-45BFF                                          #
#                            -Z(CODE)INTVEC=FF80-FFFF                          #
#                            -Z(CODE)RESET=FFFE-FFFF) -f                       #
#                            "C:\Program Files (x86)\IAR Systems\Embedded Work #
#                            bench 7.3\430\config\linker\multiplier32.xcl"     #
#                            (-e?Mul8Hw=?Mul8 -e?Mul16Hw=?Mul16                #
#                            -e?Mul16to32uHw=?Mul16to32u                       #
#                            -e?Mul16to32sHw=?Mul16to32s -e?Mul32Hw32=?Mul32   #
#                            -e?Mul64Hw32=_Mul64i                              #
#                            -e?Mul32u32uto64iHw32=_Mul32u32uto64i             #
#                            -e?Mul32fHw32=_Mul32f                             #
#                            -e_Mul64fHw32Ptr=_Mul64fPtr) -D_STACK_SIZE=A0     #
#                            -rt                                               #
#                            "C:\Program Files (x86)\IAR Systems\Embedded Work #
#                            bench 7.3\430\lib\dlib\dl430xlsfn.r43"            #
#                            -D_DATA16_HEAP_SIZE=A0 -s __program_start         #
#                            -D_DATA20_HEAP_SIZE=50                            #
#                                                                              #
#                           Copyright (C) 1987-2015 IAR Systems AB.            #
################################################################################





                ****************************************
                *                                      *
                *           CROSS REFERENCE            *
                *                                      *
                ****************************************

       Program entry at :           5EE2  Relocatable, from module : ?cstart




                ****************************************
                *                                      *
                *            RUNTIME MODEL             *
                *                                      *
                ****************************************

  __Heap_Handler             = Basic
  __SystemLibrary            = DLib
  __code_model               = large
  __core                     = 430X
  __data_model               = small
  __dlib_file_descriptor     = 0
  __dlib_full_locale_support = 0
  __double_size              = 32
  __pic                      = no
  __reg_r4                   = free
  __reg_r5                   = free
  __rt_version               = 3

                ****************************************
                *                                      *
                *    AUTOMATIC SYMBOL REDIRECTIONS     *
                *                                      *
                ****************************************

                  There are no automatic symbol redirections.



                ****************************************
                *                                      *
                *              MODULE MAP              *
                *                                      *
                ****************************************


  DEFINED ABSOLUTE ENTRIES
    *************************************************************************

  DEFINED ABSOLUTE ENTRIES
  PROGRAM MODULE, NAME : ?ABS_ENTRY_MOD

Absolute parts
           ENTRY                   ADDRESS         REF BY
           =====                   =======         ======
           _DATA20_HEAP_SIZE       0050 
           _DATA16_HEAP_SIZE       00A0 
           _STACK_SIZE             00A0 
           __iar_HWMUL             04C0            ?Mul32fHw32 (?Mul32fHw32)
                                                   lcdBufferPrintInt (lcd_dogm128_6)
                                                   lcdGetIntLength (lcd_dogm128_6)
           ?CPU30_OFFSET           0002 
    *************************************************************************

  FILE NAME : C:\03.Station\Noroshi_station_920MHz for NiikuraSan setRSSI\ide\iar\cc1200_rx_sniff_mode_920MHzx100kbps\RX\Obj\als_trxeb.r43
  PROGRAM MODULE, NAME : als_trxeb

  SEGMENTS IN THE MODULE
  ======================
DATA16_AN
  Relative segment, address: 0700 - 0701 (0x2 bytes), align: 0
  Segment part 1. ROOT 
           ENTRY                   ADDRESS         REF BY
           =====                   =======         ======
           _A_ADC12CTL0_L          0700 
           LOCAL                   ADDRESS         
           =====                   =======         
           ADC12CTL0               0700 
           ADC12CTL0_H             0701 
           ADC12CTL0_L             0700 
    -------------------------------------------------------------------------
DATA16_AN
  Relative segment, address: 0702 - 0703 (0x2 bytes), align: 0
  Segment part 2. ROOT 
           ENTRY                   ADDRESS         REF BY
           =====                   =======         ======
           _A_ADC12CTL1_L          0702 
           LOCAL                   ADDRESS         
           =====                   =======         
           ADC12CTL1               0702 
           ADC12CTL1_H             0703 
           ADC12CTL1_L             0702 
    -------------------------------------------------------------------------
DATA16_AN
  Relative segment, address: 0704 - 0705 (0x2 bytes), align: 0
  Segment part 3. ROOT 
           ENTRY                   ADDRESS         REF BY
           =====                   =======         ======
           _A_ADC12CTL2_L          0704 
           LOCAL                   ADDRESS         
           =====                   =======         
           ADC12CTL2               0704 
           ADC12CTL2_H             0705 
           ADC12CTL2_L             0704 
    -------------------------------------------------------------------------
DATA16_AN
  Relative segment, address: 070A - 070B (0x2 bytes), align: 0
  Segment part 4. ROOT 
           ENTRY                   ADDRESS         REF BY
           =====                   =======         ======
           _A_ADC12IFG_L           070A 
           LOCAL                   ADDRESS         
           =====                   =======         
           ADC12IFG                070A 
           ADC12IFG_H              070B 
           ADC12IFG_L              070A 
    -------------------------------------------------------------------------
DATA16_AN
  Relative segment, address: 0720 - 0721 (0x2 bytes), align: 0
  Segment part 5. ROOT 
           ENTRY                   ADDRESS         REF BY
           =====                   =======         ======
           _A_ADC12MEM0_L          0720 
           LOCAL                   ADDRESS         
           =====                   =======         
           ADC12MEM0               0720 
           ADC12MEM0_H             0721 
           ADC12MEM0_L             0720 
    -------------------------------------------------------------------------
DATA16_AN
  Relative segment, address: 0710 - 0710 (0x1 bytes), align: 0
  Segment part 6. ROOT 
           ENTRY                   ADDRESS         REF BY
           =====                   =======         ======
           ADC12MCTL0              0710 
    -------------------------------------------------------------------------
DATA16_AN
  Relative segment, address: 0242 - 0243 (0x2 bytes), align: 0
  Segment part 7. ROOT        Intra module refs:   bspInit (bsp)
           ENTRY                   ADDRESS         REF BY
           =====                   =======         ======
           _A_PCOUT_L              0242 
           LOCAL                   ADDRESS         
           =====                   =======         
           PCOUT                   0242 
           PCOUT_H                 0243 
           PCOUT_L                 0242 
    -------------------------------------------------------------------------
DATA16_AN
  Relative segment, address: 0244 - 0245 (0x2 bytes), align: 0
  Segment part 8. ROOT        Intra module refs:   bspInit (bsp)
           ENTRY                   ADDRESS         REF BY
           =====                   =======         ======
           _A_PCDIR_L              0244 
           LOCAL                   ADDRESS         
           =====                   =======         
           PCDIR                   0244 
           PCDIR_H                 0245 
           PCDIR_L                 0244 
    -------------------------------------------------------------------------
DATA16_AN
  Relative segment, address: 0246 - 0247 (0x2 bytes), align: 0
  Segment part 9. ROOT        Intra module refs:   bspInit (bsp)
           ENTRY                   ADDRESS         REF BY
           =====                   =======         ======
           _A_PCREN_L              0246 
           LOCAL                   ADDRESS         
           =====                   =======         
           PCREN                   0246 
           PCREN_H                 0247 
           PCREN_L                 0246 
    -------------------------------------------------------------------------
DATA16_AN
  Relative segment, address: 024A - 024B (0x2 bytes), align: 0
  Segment part 10. ROOT       Intra module refs:   bspInit (bsp)
                                                   initUartPort (uart)
           ENTRY                   ADDRESS         REF BY
           =====                   =======         ======
           _A_PCSEL_L              024A 
           LOCAL                   ADDRESS         
           =====                   =======         
           PCSEL                   024A 
           PCSEL_H                 024B 
           PCSEL_L                 024A 

    *************************************************************************

  FILE NAME : C:\03.Station\Noroshi_station_920MHz for NiikuraSan setRSSI\ide\iar\cc1200_rx_sniff_mode_920MHzx100kbps\RX\Obj\bsp.r43
  PROGRAM MODULE, NAME : bsp

  SEGMENTS IN THE MODULE
  ======================
DATA16_AN
  Relative segment, address: 0222 - 0223 (0x2 bytes), align: 0
  Segment part 1. ROOT        Intra module refs:   bspAssert
                                                   bspInit
                                                   bspLedInit (bsp_led)
                                                   trx16BitRegAccess (hal_spi_rf_trxeb)
                                                   trx8BitRegAccess (hal_spi_rf_trxeb)
                                                   trxRfSpiInterfaceInit (hal_spi_rf_trxeb)
                                                   trxSpiCmdStrobe (hal_spi_rf_trxeb)
           ENTRY                   ADDRESS         REF BY
           =====                   =======         ======
           _A_PBOUT_L              0222 
           LOCAL                   ADDRESS         
           =====                   =======         
           PBOUT                   0222 
           PBOUT_H                 0223 
           PBOUT_L                 0222 
    -------------------------------------------------------------------------
DATA16_AN
  Relative segment, address: 0224 - 0225 (0x2 bytes), align: 0
  Segment part 2. ROOT        Intra module refs:   bspInit
                                                   bspLedInit (bsp_led)
                                                   trxRfSpiInterfaceInit (hal_spi_rf_trxeb)
           ENTRY                   ADDRESS         REF BY
           =====                   =======         ======
           _A_PBDIR_L              0224 
           LOCAL                   ADDRESS         
           =====                   =======         
           PBDIR                   0224 
           PBDIR_H                 0225 
           PBDIR_L                 0224 
    -------------------------------------------------------------------------
DATA16_AN
  Relative segment, address: 022A - 022B (0x2 bytes), align: 0
  Segment part 3. ROOT        Intra module refs:   bspInit
                                                   bspLedInit (bsp_led)
                                                   initUartPort (uart)
                                                   trxRfSpiInterfaceInit (hal_spi_rf_trxeb)
           ENTRY                   ADDRESS         REF BY
           =====                   =======         ======
           _A_PBSEL_L              022A 
           LOCAL                   ADDRESS         
           =====                   =======         
           PBSEL                   022A 
           PBSEL_H                 022B 
           PBSEL_L                 022A 
    -------------------------------------------------------------------------
DATA16_AN
  Relative segment, address: 0262 - 0263 (0x2 bytes), align: 0
  Segment part 8. ROOT        Intra module refs:   bspInit
                                                   lcdInit (lcd_trxeb)
           ENTRY                   ADDRESS         REF BY
           =====                   =======         ======
           _A_PDOUT_L              0262 
           LOCAL                   ADDRESS         
           =====                   =======         
           PDOUT                   0262 
           PDOUT_H                 0263 
           PDOUT_L                 0262 
    -------------------------------------------------------------------------
DATA16_AN
  Relative segment, address: 0264 - 0265 (0x2 bytes), align: 0
  Segment part 9. ROOT        Intra module refs:   bspInit
                                                   lcdInit (lcd_trxeb)
           ENTRY                   ADDRESS         REF BY
           =====                   =======         ======
           _A_PDDIR_L              0264 
           LOCAL                   ADDRESS         
           =====                   =======         
           PDDIR                   0264 
           PDDIR_H                 0265 
           PDDIR_L                 0264 
    -------------------------------------------------------------------------
DATA16_AN
  Relative segment, address: 0268 - 0269 (0x2 bytes), align: 0
  Segment part 10. ROOT       Intra module refs:   bspInit
                                                   lcdInit (lcd_trxeb)
           ENTRY                   ADDRESS         REF BY
           =====                   =======         ======
           _A_PDDS_L               0268 
           LOCAL                   ADDRESS         
           =====                   =======         
           PDDS                    0268 
           PDDS_H                  0269 
           PDDS_L                  0268 
    -------------------------------------------------------------------------
DATA16_AN
  Relative segment, address: 026A - 026B (0x2 bytes), align: 0
  Segment part 11. ROOT       Intra module refs:   bspInit
                                                   bspMcuStartXT1
                                                   initUartPort (uart)
                                                   lcdInit (lcd_trxeb)
           ENTRY                   ADDRESS         REF BY
           =====                   =======         ======
           _A_PDSEL_L              026A 
           LOCAL                   ADDRESS         
           =====                   =======         
           PDSEL                   026A 
           PDSEL_H                 026B 
           PDSEL_L                 026A 
    -------------------------------------------------------------------------
DATA16_AN
  Relative segment, address: 0282 - 0283 (0x2 bytes), align: 0
  Segment part 12. ROOT       Intra module refs:   bspInit
                                                   lcdInit (lcd_trxeb)
                                                   lcdSendCommand (lcd_trxeb)
                                                   lcdSendData (lcd_trxeb)
           ENTRY                   ADDRESS         REF BY
           =====                   =======         ======
           _A_PEOUT_L              0282 
           LOCAL                   ADDRESS         
           =====                   =======         
           PEOUT                   0282 
           PEOUT_H                 0283 
           PEOUT_L                 0282 
    -------------------------------------------------------------------------
DATA16_AN
  Relative segment, address: 0284 - 0285 (0x2 bytes), align: 0
  Segment part 13. ROOT       Intra module refs:   bspInit
                                                   lcdInit (lcd_trxeb)
           ENTRY                   ADDRESS         REF BY
           =====                   =======         ======
           _A_PEDIR_L              0284 
           LOCAL                   ADDRESS         
           =====                   =======         
           PEDIR                   0284 
           PEDIR_H                 0285 
           PEDIR_L                 0284 
    -------------------------------------------------------------------------
DATA16_AN
  Relative segment, address: 0286 - 0287 (0x2 bytes), align: 0
  Segment part 14. ROOT 
           ENTRY                   ADDRESS         REF BY
           =====                   =======         ======
           _A_PEREN_L              0286 
           LOCAL                   ADDRESS         
           =====                   =======         
           PEREN                   0286 
           PEREN_H                 0287 
           PEREN_L                 0286 
    -------------------------------------------------------------------------
DATA16_AN
  Relative segment, address: 028A - 028B (0x2 bytes), align: 0
  Segment part 15. ROOT       Intra module refs:   bspInit
                                                   bspIoSpiInit
                                                   initUartPort (uart)
                                                   lcdInit (lcd_trxeb)
           ENTRY                   ADDRESS         REF BY
           =====                   =======         ======
           _A_PESEL_L              028A 
           LOCAL                   ADDRESS         
           =====                   =======         
           PESEL                   028A 
           PESEL_H                 028B 
           PESEL_L                 028A 
    -------------------------------------------------------------------------
DATA16_AN
  Relative segment, address: 0120 - 0121 (0x2 bytes), align: 0
  Segment part 16. ROOT       Intra module refs:   bspMcuSetVCore
                                                   bspMcuSetVCoreDown
                                                   bspMcuSetVCoreUp
           ENTRY                   ADDRESS         REF BY
           =====                   =======         ======
           _A_PMMCTL0_L            0120 
           LOCAL                   ADDRESS         
           =====                   =======         
           PMMCTL0                 0120 
           PMMCTL0_H               0121 
           PMMCTL0_L               0120 
    -------------------------------------------------------------------------
DATA16_AN
  Relative segment, address: 0124 - 0125 (0x2 bytes), align: 0
  Segment part 17. ROOT       Intra module refs:   bspMcuSetVCoreUp
           ENTRY                   ADDRESS         REF BY
           =====                   =======         ======
           _A_SVSMHCTL_L           0124 
           LOCAL                   ADDRESS         
           =====                   =======         
           SVSMHCTL                0124 
           SVSMHCTL_H              0125 
           SVSMHCTL_L              0124 
    -------------------------------------------------------------------------
DATA16_AN
  Relative segment, address: 0126 - 0127 (0x2 bytes), align: 0
  Segment part 18. ROOT       Intra module refs:   bspMcuSetVCoreDown
                                                   bspMcuSetVCoreUp
           ENTRY                   ADDRESS         REF BY
           =====                   =======         ======
           _A_SVSMLCTL_L           0126 
           LOCAL                   ADDRESS         
           =====                   =======         
           SVSMLCTL                0126 
           SVSMLCTL_H              0127 
           SVSMLCTL_L              0126 
    -------------------------------------------------------------------------
DATA16_AN
  Relative segment, address: 012C - 012D (0x2 bytes), align: 0
  Segment part 19. ROOT       Intra module refs:   bspMcuSetVCoreDown
                                                   bspMcuSetVCoreUp
           ENTRY                   ADDRESS         REF BY
           =====                   =======         ======
           _A_PMMIFG_L             012C 
           LOCAL                   ADDRESS         
           =====                   =======         
           PMMIFG                  012C 
           PMMIFG_H                012D 
           PMMIFG_L                012C 
    -------------------------------------------------------------------------
DATA16_AN
  Relative segment, address: 0102 - 0103 (0x2 bytes), align: 0
  Segment part 20. ROOT       Intra module refs:   bspKeyPushedISR (bsp_key)
                                                   bspKeyWdtISR (bsp_key)
                                                   bspMcuStartXT1
                                                   bspSysClockSpeedSet
           ENTRY                   ADDRESS         REF BY
           =====                   =======         ======
           _A_SFRIFG1_L            0102 
           LOCAL                   ADDRESS         
           =====                   =======         
           SFRIFG1                 0102 
           SFRIFG1_H               0103 
           SFRIFG1_L               0102 
    -------------------------------------------------------------------------
DATA16_AN
  Relative segment, address: 0160 - 0161 (0x2 bytes), align: 0
  Segment part 21. ROOT       Intra module refs:   bspSysClockSpeedSet
           ENTRY                   ADDRESS         REF BY
           =====                   =======         ======
           _A_UCSCTL0_L            0160 
           LOCAL                   ADDRESS         
           =====                   =======         
           UCSCTL0                 0160 
           UCSCTL0_H               0161 
           UCSCTL0_L               0160 
    -------------------------------------------------------------------------
DATA16_AN
  Relative segment, address: 0162 - 0163 (0x2 bytes), align: 0
  Segment part 22. ROOT       Intra module refs:   bspSysClockSpeedSet
           ENTRY                   ADDRESS         REF BY
           =====                   =======         ======
           _A_UCSCTL1_L            0162 
           LOCAL                   ADDRESS         
           =====                   =======         
           UCSCTL1                 0162 
           UCSCTL1_H               0163 
           UCSCTL1_L               0162 
    -------------------------------------------------------------------------
DATA16_AN
  Relative segment, address: 0164 - 0165 (0x2 bytes), align: 0
  Segment part 23. ROOT       Intra module refs:   bspSysClockSpeedSet
           ENTRY                   ADDRESS         REF BY
           =====                   =======         ======
           _A_UCSCTL2_L            0164 
           LOCAL                   ADDRESS         
           =====                   =======         
           UCSCTL2                 0164 
           UCSCTL2_H               0165 
           UCSCTL2_L               0164 
    -------------------------------------------------------------------------
DATA16_AN
  Relative segment, address: 0168 - 0169 (0x2 bytes), align: 0
  Segment part 24. ROOT       Intra module refs:   bspSysClockSpeedSet
           ENTRY                   ADDRESS         REF BY
           =====                   =======         ======
           _A_UCSCTL4_L            0168 
           LOCAL                   ADDRESS         
           =====                   =======         
           UCSCTL4                 0168 
           UCSCTL4_H               0169 
           UCSCTL4_L               0168 
    -------------------------------------------------------------------------
DATA16_AN
  Relative segment, address: 016C - 016D (0x2 bytes), align: 0
  Segment part 25. ROOT       Intra module refs:   bspMcuStartXT1
           ENTRY                   ADDRESS         REF BY
           =====                   =======         ======
           _A_UCSCTL6_L            016C 
           LOCAL                   ADDRESS         
           =====                   =======         
           UCSCTL6                 016C 
           UCSCTL6_H               016D 
           UCSCTL6_L               016C 
    -------------------------------------------------------------------------
DATA16_AN
  Relative segment, address: 016E - 016F (0x2 bytes), align: 0
  Segment part 26. ROOT       Intra module refs:   bspMcuStartXT1
                                                   bspSysClockSpeedSet
           ENTRY                   ADDRESS         REF BY
           =====                   =======         ======
           _A_UCSCTL7_L            016E 
           LOCAL                   ADDRESS         
           =====                   =======         
           UCSCTL7                 016E 
           UCSCTL7_H               016F 
           UCSCTL7_L               016E 
    -------------------------------------------------------------------------
DATA16_AN
  Relative segment, address: 0640 - 0641 (0x2 bytes), align: 0
  Segment part 27. ROOT       Intra module refs:   bspIoSpiInit
                                                   configUSCIUart (uart)
           ENTRY                   ADDRESS         REF BY
           =====                   =======         ======
           _A_UCA2CTLW0_L          0640 
           LOCAL                   ADDRESS         
           =====                   =======         
           UCA2CTLW0               0640 
           UCA2CTLW0_H             0641 
           UCA2CTLW0_L             0640 
    -------------------------------------------------------------------------
DATA16_AN
  Relative segment, address: 0646 - 0647 (0x2 bytes), align: 0
  Segment part 28. ROOT       Intra module refs:   bspIoSpiInit
                                                   configUSCIUart (uart)
           ENTRY                   ADDRESS         REF BY
           =====                   =======         ======
           _A_UCA2BRW_L            0646 
           LOCAL                   ADDRESS         
           =====                   =======         
           UCA2BRW                 0646 
           UCA2BRW_H               0647 
           UCA2BRW_L               0646 
    -------------------------------------------------------------------------
DATA16_AN
  Relative segment, address: 0660 - 0661 (0x2 bytes), align: 0
  Segment part 29. ROOT       Intra module refs:   bspIoSpiInit
           ENTRY                   ADDRESS         REF BY
           =====                   =======         ======
           _A_UCB2CTLW0_L          0660 
           LOCAL                   ADDRESS         
           =====                   =======         
           UCB2CTLW0               0660 
           UCB2CTLW0_H             0661 
           UCB2CTLW0_L             0660 
    -------------------------------------------------------------------------
DATA16_AN
  Relative segment, address: 0666 - 0667 (0x2 bytes), align: 0
  Segment part 30. ROOT       Intra module refs:   bspIoSpiInit
           ENTRY                   ADDRESS         REF BY
           =====                   =======         ======
           _A_UCB2BRW_L            0666 
           LOCAL                   ADDRESS         
           =====                   =======         
           UCB2BRW                 0666 
           UCB2BRW_H               0667 
           UCB2BRW_L               0666 
    -------------------------------------------------------------------------
DATA16_AN
  Relative segment, address: 015C - 015D (0x2 bytes), align: 0
  Segment part 31. ROOT       Intra module refs:   bspInit
                                                   bspKeyPushedISR (bsp_key)
                                                   bspKeyWdtISR (bsp_key)
           ENTRY                   ADDRESS         REF BY
           =====                   =======         ======
           _A_WDTCTL_L             015C 
           LOCAL                   ADDRESS         
           =====                   =======         
           WDTCTL                  015C 
           WDTCTL_H                015D 
           WDTCTL_L                015C 
    -------------------------------------------------------------------------
DATA16_Z
  Relative segment, address: 1C00 - 1C03 (0x4 bytes), align: 1
  Segment part 33.            Intra module refs:   bspSysClockSpeedGet
                                                   bspSysClockSpeedSet
           LOCAL                   ADDRESS         
           =====                   =======         
           ui32BspMclkSpeed        1C00 
    -------------------------------------------------------------------------
DATA16_Z
  Relative segment, address: 1C04 - 1C0B (0x8 bytes), align: 1
  Segment part 34.            Intra module refs:   bspIoSpiInit
           LOCAL                   ADDRESS         
           =====                   =======         
           ui32IoSpiClkSpeed       1C04 
    -------------------------------------------------------------------------
<CODE> 1 (was CODE)
  Relative segment, address: 6D6A - 6E23 (0xba bytes), align: 1
  Segment part 42.
           ENTRY                   ADDRESS         REF BY
           =====                   =======         ======
           bspInit                 6D6A            initMCU (cc1200_rx_sniff_mode_rx)
               calls direct
    -------------------------------------------------------------------------
<CODE> 1 (was CODE)
  Relative segment, address: 7D5C - 7D65 (0xa bytes), align: 1
  Segment part 43.            Intra module refs:   bspIoSpiInit
           ENTRY                   ADDRESS         REF BY
           =====                   =======         ======
           bspSysClockSpeedGet     7D5C 
    -------------------------------------------------------------------------
<CODE> 1 (was CODE)
  Relative segment, address: 698A - 6A9B (0x112 bytes), align: 1
  Segment part 44.
           ENTRY                   ADDRESS         REF BY
           =====                   =======         ======
           bspIoSpiInit            698A            initMCU (cc1200_rx_sniff_mode_rx)
               calls direct
    -------------------------------------------------------------------------
<CODE> 1 (was CODE)
  Relative segment, address: 7C14 - 7C31 (0x1e bytes), align: 1
  Segment part 39.            Intra module refs:   bspSysClockSpeedSet
           ENTRY                   ADDRESS         REF BY
           =====                   =======         ======
           bspAssert               7C14 
    -------------------------------------------------------------------------
<CODE> 1 (was CODE)
  Relative segment, address: 7AEA - 7B15 (0x2c bytes), align: 1
  Segment part 41.            Intra module refs:   bspInit
           LOCAL                   ADDRESS         
           =====                   =======         
           bspMcuStartXT1          7AEA 
    -------------------------------------------------------------------------
<CODE> 1 (was CODE)
  Relative segment, address: 6F82 - 701B (0x9a bytes), align: 1
  Segment part 40.            Intra module refs:   bspInit
           ENTRY                   ADDRESS         REF BY
           =====                   =======         ======
           bspSysClockSpeedSet     6F82 
               calls direct
    -------------------------------------------------------------------------
<CODE> 1 (was CODE)
  Relative segment, address: 7260 - 72E1 (0x82 bytes), align: 1
  Segment part 36.            Intra module refs:   bspMcuSetVCore
           LOCAL                   ADDRESS         
           =====                   =======         
           bspMcuSetVCoreUp        7260 
    -------------------------------------------------------------------------
<CODE> 1 (was CODE)
  Relative segment, address: 79C0 - 79F3 (0x34 bytes), align: 1
  Segment part 35.            Intra module refs:   bspMcuSetVCore
           LOCAL                   ADDRESS         
           =====                   =======         
           bspMcuSetVCoreDown      79C0 
    -------------------------------------------------------------------------
<CODE> 1 (was CODE)
  Relative segment, address: 6BA8 - 6CAF (0x108 bytes), align: 1
  Segment part 38.            Intra module refs:   bspSysClockSpeedSet
           LOCAL                   ADDRESS         
           =====                   =======         
           bspMcuGetSystemClockSettings
                                   6BA8 
    -------------------------------------------------------------------------
<CODE> 1 (was CODE)
  Relative segment, address: 7ABE - 7AE9 (0x2c bytes), align: 1
  Segment part 37.            Intra module refs:   bspSysClockSpeedSet
           LOCAL                   ADDRESS         
           =====                   =======         
           bspMcuSetVCore          7ABE 
               calls direct

    *************************************************************************

  FILE NAME : C:\03.Station\Noroshi_station_920MHz for NiikuraSan setRSSI\ide\iar\cc1200_rx_sniff_mode_920MHzx100kbps\RX\Obj\bsp_key.r43
  PROGRAM MODULE, NAME : bsp_key

  SEGMENTS IN THE MODULE
  ======================
DATA16_AN
  Relative segment, address: 0200 - 0201 (0x2 bytes), align: 0
  Segment part 1. ROOT 
           ENTRY                   ADDRESS         REF BY
           =====                   =======         ======
           _A_PAIN_L               0200 
           LOCAL                   ADDRESS         
           =====                   =======         
           PAIN                    0200 
           PAIN_H                  0201 
           PAIN_L                  0200 
    -------------------------------------------------------------------------
DATA16_AN
  Relative segment, address: 0202 - 0203 (0x2 bytes), align: 0
  Segment part 2. ROOT        Intra module refs:   bspKeyInit
           ENTRY                   ADDRESS         REF BY
           =====                   =======         ======
           _A_PAOUT_L              0202 
           LOCAL                   ADDRESS         
           =====                   =======         
           PAOUT                   0202 
           PAOUT_H                 0203 
           PAOUT_L                 0202 
    -------------------------------------------------------------------------
DATA16_AN
  Relative segment, address: 0204 - 0205 (0x2 bytes), align: 0
  Segment part 3. ROOT        Intra module refs:   bspKeyInit
           ENTRY                   ADDRESS         REF BY
           =====                   =======         ======
           _A_PADIR_L              0204 
           LOCAL                   ADDRESS         
           =====                   =======         
           PADIR                   0204 
           PADIR_H                 0205 
           PADIR_L                 0204 
    -------------------------------------------------------------------------
DATA16_AN
  Relative segment, address: 0206 - 0207 (0x2 bytes), align: 0
  Segment part 4. ROOT        Intra module refs:   bspKeyInit
           ENTRY                   ADDRESS         REF BY
           =====                   =======         ======
           _A_PAREN_L              0206 
           LOCAL                   ADDRESS         
           =====                   =======         
           PAREN                   0206 
           PAREN_H                 0207 
           PAREN_L                 0206 
    -------------------------------------------------------------------------
DATA16_AN
  Relative segment, address: 020A - 020B (0x2 bytes), align: 0
  Segment part 5. ROOT        Intra module refs:   bspKeyInit
                                                   initUartPort (uart)
           ENTRY                   ADDRESS         REF BY
           =====                   =======         ======
           _A_PASEL_L              020A 
           LOCAL                   ADDRESS         
           =====                   =======         
           PASEL                   020A 
           PASEL_H                 020B 
           PASEL_L                 020A 
    -------------------------------------------------------------------------
DATA16_AN
  Relative segment, address: 021A - 021B (0x2 bytes), align: 0
  Segment part 6. ROOT        Intra module refs:   bspKeyInit
                                                   bspKeyPushedISR
                                                   ioPinIntDisable (io_pin_int)
                                                   ioPinIntEnable (io_pin_int)
                                                   ioPort1Isr (io_pin_int)
                                                   ioPort2Isr (io_pin_int)
           ENTRY                   ADDRESS         REF BY
           =====                   =======         ======
           _A_PAIE_L               021A 
           LOCAL                   ADDRESS         
           =====                   =======         
           PAIE                    021A 
           PAIE_H                  021B 
           PAIE_L                  021A 
    -------------------------------------------------------------------------
DATA16_AN
  Relative segment, address: 021C - 021D (0x2 bytes), align: 0
  Segment part 7. ROOT        Intra module refs:   bspKeyInit
                                                   bspKeyPushedISR
                                                   ioPinIntClear (io_pin_int)
                                                   ioPinIntRegister (io_pin_int)
                                                   ioPort1Isr (io_pin_int)
                                                   ioPort2Isr (io_pin_int)
           ENTRY                   ADDRESS         REF BY
           =====                   =======         ======
           _A_PAIFG_L              021C 
           LOCAL                   ADDRESS         
           =====                   =======         
           PAIFG                   021C 
           PAIFG_H                 021D 
           PAIFG_L                 021C 
    -------------------------------------------------------------------------
DATA16_AN
  Relative segment, address: 0100 - 0101 (0x2 bytes), align: 0
  Segment part 8. ROOT        Intra module refs:   bspKeyPushedISR
                                                   bspKeyWdtISR
           ENTRY                   ADDRESS         REF BY
           =====                   =======         ======
           _A_SFRIE1_L             0100 
           LOCAL                   ADDRESS         
           =====                   =======         
           SFRIE1                  0100 
           SFRIE1_H                0101 
           SFRIE1_L                0100 
    -------------------------------------------------------------------------
DATA16_Z
  Relative segment, address: 1CB2 - 1CB2 (0x1 bytes), align: 0
  Segment part 13.            Intra module refs:   bspKeyInit
           LOCAL                   ADDRESS         
           =====                   =======         
           ui8BspKeyMode           1CB2 
    -------------------------------------------------------------------------
DATA16_Z
  Relative segment, address: 1CB3 - 1CB3 (0x1 bytes), align: 0
  Segment part 14.            Intra module refs:   bspKeyPushedISR
           LOCAL                   ADDRESS         
           =====                   =======         
           bspKeysPressed          1CB3 
    -------------------------------------------------------------------------
DATA16_Z
  Relative segment, address: 1CB4 - 1CB4 (0x1 bytes), align: 0
  Segment part 15.            Intra module refs:   bspKeyPushedISR
                                                   bspKeyWdtISR
           LOCAL                   ADDRESS         
           =====                   =======         
           bspKeyIntDisabledMask   1CB4 
    -------------------------------------------------------------------------
DATA16_Z
  Relative segment, address: 1C0C - 1C1F (0x14 bytes), align: 1
  Segment part 16.            Intra module refs:   bspKeyPushedISR
           LOCAL                   ADDRESS         
           =====                   =======         
           bspKeysIsrTable         1C0C 
    -------------------------------------------------------------------------
<CODE> 1 (was CODE)
  Relative segment, address: 7502 - 7557 (0x56 bytes), align: 1
  Segment part 17.
           ENTRY                   ADDRESS         REF BY
           =====                   =======         ======
           bspKeyInit              7502            initMCU (cc1200_rx_sniff_mode_rx)
               calls direct
    -------------------------------------------------------------------------
<CODE> 1 (was CODE)
  Relative segment, address: 6E24 - 6ED5 (0xb2 bytes), align: 1
  Segment part 25.            Intra module refs:   bspKeyInit
           LOCAL                   ADDRESS         
           =====                   =======         
           bspKeyPushedISR         6E24 
               calls direct and indirect
    -------------------------------------------------------------------------
ISR_CODE
  Relative segment, address: 5EFA - 5F29 (0x30 bytes), align: 1
  Segment part 26.            Intra module refs:   bspKeyWdtISR::??INTVEC 116
           ENTRY                   ADDRESS         REF BY
           =====                   =======         ======
           bspKeyWdtISR            5EFA 
               interrupt function
               calls direct
    -------------------------------------------------------------------------
INTVEC
  Common segment, address: FF80 - FFF5 (0x76 bytes), align: 1
  Segment part 11. ROOT 
           ENTRY                   ADDRESS         REF BY
           =====                   =======         ======
           bspKeyWdtISR::??INTVEC 116
                                   FFF4 

    *************************************************************************

  FILE NAME : C:\03.Station\Noroshi_station_920MHz for NiikuraSan setRSSI\ide\iar\cc1200_rx_sniff_mode_920MHzx100kbps\RX\Obj\bsp_led.r43
  PROGRAM MODULE, NAME : bsp_led

  SEGMENTS IN THE MODULE
  ======================
<CODE> 1 (was CODE)
  Relative segment, address: 7CAE - 7CC1 (0x14 bytes), align: 1
  Segment part 5.
           ENTRY                   ADDRESS         REF BY
           =====                   =======         ======
           bspLedInit              7CAE            initMCU (cc1200_rx_sniff_mode_rx)

    *************************************************************************

  FILE NAME : C:\03.Station\Noroshi_station_920MHz for NiikuraSan setRSSI\ide\iar\cc1200_rx_sniff_mode_920MHzx100kbps\RX\Obj\bsp_uart.r43
  PROGRAM MODULE, NAME : bsp_uart

  SEGMENTS IN THE MODULE
  ======================
DATA16_AN
  Relative segment, address: 0600 - 0601 (0x2 bytes), align: 0
  Segment part 4. ROOT        Intra module refs:   configUSCIUart (uart)
           ENTRY                   ADDRESS         REF BY
           =====                   =======         ======
           _A_UCA1CTLW0_L          0600 
           LOCAL                   ADDRESS         
           =====                   =======         
           UCA1CTLW0               0600 
           UCA1CTLW0_H             0601 
           UCA1CTLW0_L             0600 
    -------------------------------------------------------------------------
DATA16_AN
  Relative segment, address: 0606 - 0607 (0x2 bytes), align: 0
  Segment part 5. ROOT        Intra module refs:   configUSCIUart (uart)
           ENTRY                   ADDRESS         REF BY
           =====                   =======         ======
           _A_UCA1BRW_L            0606 
           LOCAL                   ADDRESS         
           =====                   =======         
           UCA1BRW                 0606 
           UCA1BRW_H               0607 
           UCA1BRW_L               0606 
    -------------------------------------------------------------------------
DATA16_AN
  Relative segment, address: 0608 - 0608 (0x1 bytes), align: 0
  Segment part 6. ROOT        Intra module refs:   configUSCIUart (uart)
           ENTRY                   ADDRESS         REF BY
           =====                   =======         ======
           UCA1MCTL                0608 
    -------------------------------------------------------------------------
DATA16_AN
  Relative segment, address: 060C - 060C (0x1 bytes), align: 0
  Segment part 7. ROOT        Intra module refs:   configUSCIUart (uart)
           ENTRY                   ADDRESS         REF BY
           =====                   =======         ======
           UCA1RXBUF               060C 
    -------------------------------------------------------------------------
DATA16_AN
  Relative segment, address: 060E - 060E (0x1 bytes), align: 0
  Segment part 8. ROOT        Intra module refs:   configUSCIUart (uart)
           ENTRY                   ADDRESS         REF BY
           =====                   =======         ======
           UCA1TXBUF               060E 
    -------------------------------------------------------------------------
DATA16_AN
  Relative segment, address: 061C - 061D (0x2 bytes), align: 0
  Segment part 9. ROOT        Intra module refs:   configUSCIUart (uart)
           ENTRY                   ADDRESS         REF BY
           =====                   =======         ======
           _A_UCA1ICTL_L           061C 
           LOCAL                   ADDRESS         
           =====                   =======         
           UCA1ICTL                061C 
           UCA1ICTL_H              061D 
           UCA1ICTL_L              061C 

    *************************************************************************

  FILE NAME : C:\03.Station\Noroshi_station_920MHz for NiikuraSan setRSSI\ide\iar\cc1200_rx_sniff_mode_920MHzx100kbps\RX\Obj\cc1200_rx_sniff_mode_rx.r43
  PROGRAM MODULE, NAME : cc1200_rx_sniff_mode_rx

  SEGMENTS IN THE MODULE
  ======================
DATA16_AN
  Relative segment, address: 0340 - 0341 (0x2 bytes), align: 0
  Segment part 1. ROOT        Intra module refs:   initTimer
           ENTRY                   ADDRESS         REF BY
           =====                   =======         ======
           TA0CTL                  0340 
    -------------------------------------------------------------------------
DATA16_AN
  Relative segment, address: 0342 - 0343 (0x2 bytes), align: 0
  Segment part 2. ROOT        Intra module refs:   initTimer
           ENTRY                   ADDRESS         REF BY
           =====                   =======         ======
           TA0CCTL0                0342 
    -------------------------------------------------------------------------
DATA16_AN
  Relative segment, address: 0344 - 0345 (0x2 bytes), align: 0
  Segment part 3. ROOT        Intra module refs:   initTimer
           ENTRY                   ADDRESS         REF BY
           =====                   =======         ======
           TA0CCTL1                0344 
    -------------------------------------------------------------------------
DATA16_AN
  Relative segment, address: 0352 - 0353 (0x2 bytes), align: 0
  Segment part 4. ROOT        Intra module refs:   initTimer
           ENTRY                   ADDRESS         REF BY
           =====                   =======         ======
           TA0CCR0                 0352 
    -------------------------------------------------------------------------
DATA16_AN
  Relative segment, address: 0354 - 0355 (0x2 bytes), align: 0
  Segment part 5. ROOT        Intra module refs:   initTimer
           ENTRY                   ADDRESS         REF BY
           =====                   =======         ======
           TA0CCR1                 0354 
    -------------------------------------------------------------------------
DATA16_AN
  Relative segment, address: 03C0 - 03C1 (0x2 bytes), align: 0
  Segment part 6. ROOT        Intra module refs:   initTimer
           ENTRY                   ADDRESS         REF BY
           =====                   =======         ======
           TB0CTL                  03C0 
    -------------------------------------------------------------------------
DATA16_AN
  Relative segment, address: 03C2 - 03C3 (0x2 bytes), align: 0
  Segment part 7. ROOT        Intra module refs:   initTimer
           ENTRY                   ADDRESS         REF BY
           =====                   =======         ======
           TB0CCTL0                03C2 
    -------------------------------------------------------------------------
DATA16_AN
  Relative segment, address: 03C4 - 03C5 (0x2 bytes), align: 0
  Segment part 8. ROOT        Intra module refs:   initTimer
           ENTRY                   ADDRESS         REF BY
           =====                   =======         ======
           TB0CCTL1                03C4 
    -------------------------------------------------------------------------
DATA16_AN
  Relative segment, address: 03D2 - 03D3 (0x2 bytes), align: 0
  Segment part 9. ROOT        Intra module refs:   initTimer
           ENTRY                   ADDRESS         REF BY
           =====                   =======         ======
           TB0CCR0                 03D2 
    -------------------------------------------------------------------------
DATA16_AN
  Relative segment, address: 03D4 - 03D5 (0x2 bytes), align: 0
  Segment part 10. ROOT       Intra module refs:   initTimer
           ENTRY                   ADDRESS         REF BY
           =====                   =======         ======
           TB0CCR1                 03D4 
    -------------------------------------------------------------------------
DATA16_C
  Relative segment, address: 5CC8 - 5CD5 (0xe bytes), align: 0
  Segment part 14.            Intra module refs:   updateLcd
    -------------------------------------------------------------------------
DATA16_C
  Relative segment, address: 5CD6 - 5CE2 (0xd bytes), align: 0
  Segment part 15.            Intra module refs:   updateLcd
    -------------------------------------------------------------------------
DATA16_C
  Relative segment, address: 5CE3 - 5CE5 (0x3 bytes), align: 0
  Segment part 16.            Intra module refs:   updateLcd
    -------------------------------------------------------------------------
DATA16_C
  Relative segment, address: 5CE6 - 5CF6 (0x11 bytes), align: 0
  Segment part 18.            Intra module refs:   uart_transmit
    -------------------------------------------------------------------------
DATA16_C
  Relative segment, address: 5C00 - 5CC7 (0xc8 bytes), align: 1
  Segment part 20.            Intra module refs:   registerConfig
           LOCAL                   ADDRESS         
           =====                   =======         
           preferredSettings       5C00 
    -------------------------------------------------------------------------
DATA16_Z
  Relative segment, address: 1C20 - 1C27 (0x8 bytes), align: 1
  Segment part 21.            Intra module refs:   Timer_A0
                                                   runRX
           ENTRY                   ADDRESS         REF BY
           =====                   =======         ======
           timerCount_1000         1C20 
    -------------------------------------------------------------------------
DATA16_Z
  Relative segment, address: 1C28 - 1C2F (0x8 bytes), align: 1
  Segment part 22.            Intra module refs:   Timer_B0
                                                   runRX
           ENTRY                   ADDRESS         REF BY
           =====                   =======         ======
           timerCount_50           1C28 
    -------------------------------------------------------------------------
DATA16_Z
  Relative segment, address: 1CB5 - 1CB5 (0x1 bytes), align: 0
  Segment part 23.            Intra module refs:   radioRxISR
                                                   runRX
           LOCAL                   ADDRESS         
           =====                   =======         
           packetSemaphore         1CB5 
    -------------------------------------------------------------------------
DATA16_Z
  Relative segment, address: 1C30 - 1C33 (0x4 bytes), align: 1
  Segment part 24.            Intra module refs:   updateLcd
           LOCAL                   ADDRESS         
           =====                   =======         
           packetCounter           1C30 
    -------------------------------------------------------------------------
DATA16_Z
  Relative segment, address: 1CB6 - 1CD3 (0x1e bytes), align: 0
  Segment part 25.            Intra module refs:   runRX
                                                   uart_transmit
           LOCAL                   ADDRESS         
           =====                   =======         
           rxBuffer                1CB6 
    -------------------------------------------------------------------------
DATA16_Z
  Relative segment, address: 1C34 - 1C55 (0x22 bytes), align: 1
  Segment part 31.            Intra module refs:   initUART
                                                   uart_transmit
           ENTRY                   ADDRESS         REF BY
           =====                   =======         ======
           cnf                     1C34 
    -------------------------------------------------------------------------
DATA16_Z
  Relative segment, address: 1C56 - 1C67 (0x12 bytes), align: 1
  Segment part 32.            Intra module refs:   initUART
           ENTRY                   ADDRESS         REF BY
           =====                   =======         ======
           uartUsciRegs            1C56 
    -------------------------------------------------------------------------
<CODE> 1 (was CODE)
  Relative segment, address: 7D38 - 7D43 (0xc bytes), align: 1
  Segment part 42.
           ENTRY                   ADDRESS         REF BY
           =====                   =======         ======
           main                    7D38            Segment part 26 (?cstart)
               calls direct
    -------------------------------------------------------------------------
<CODE> 1 (was CODE)
  Relative segment, address: 6600 - 6743 (0x144 bytes), align: 1
  Segment part 39.            Intra module refs:   main
           LOCAL                   ADDRESS         
           =====                   =======         
           runRX                   6600 
               calls direct
    -------------------------------------------------------------------------
<CODE> 1 (was CODE)
  Relative segment, address: 789A - 78D5 (0x3c bytes), align: 1
  Segment part 43.            Intra module refs:   runRX
           LOCAL                   ADDRESS         
           =====                   =======         
           getRSSI                 789A 
               calls direct
    -------------------------------------------------------------------------
<CODE> 1 (was CODE)
  Relative segment, address: 7816 - 7859 (0x44 bytes), align: 1
  Segment part 37.            Intra module refs:   runRX
           LOCAL                   ADDRESS         
           =====                   =======         
           calibrateRCOsc          7816 
               calls direct
    -------------------------------------------------------------------------
<CODE> 1 (was CODE)
  Relative segment, address: 7D2A - 7D37 (0xe bytes), align: 1
  Segment part 44.            Intra module refs:   runRX
           LOCAL                   ADDRESS         
           =====                   =======         
           radioRxISR              7D2A 
               calls direct
    -------------------------------------------------------------------------
<CODE> 1 (was CODE)
  Relative segment, address: 79F4 - 7A27 (0x34 bytes), align: 1
  Segment part 41.            Intra module refs:   main
           LOCAL                   ADDRESS         
           =====                   =======         
           initMCU                 79F4 
               calls direct
    -------------------------------------------------------------------------
<CODE> 1 (was CODE)
  Relative segment, address: 7988 - 79BF (0x38 bytes), align: 1
  Segment part 40.            Intra module refs:   main
           LOCAL                   ADDRESS         
           =====                   =======         
           registerConfig          7988 
               calls direct
    -------------------------------------------------------------------------
<CODE> 1 (was CODE)
  Relative segment, address: 7148 - 71D9 (0x92 bytes), align: 1
  Segment part 38.            Intra module refs:   runRX
           LOCAL                   ADDRESS         
           =====                   =======         
           updateLcd               7148 
               calls direct
    -------------------------------------------------------------------------
<CODE> 1 (was CODE)
  Relative segment, address: 77D0 - 7815 (0x46 bytes), align: 1
  Segment part 35.            Intra module refs:   runRX
           LOCAL                   ADDRESS         
           =====                   =======         
           initTimer               77D0 
    -------------------------------------------------------------------------
<CODE> 1 (was CODE)
  Relative segment, address: 73D0 - 743D (0x6e bytes), align: 1
  Segment part 36.            Intra module refs:   runRX
           LOCAL                   ADDRESS         
           =====                   =======         
           initUART                73D0 
               calls direct
    -------------------------------------------------------------------------
<CODE> 1 (was CODE)
  Relative segment, address: 6CB0 - 6D69 (0xba bytes), align: 1
  Segment part 34.            Intra module refs:   runRX
           LOCAL                   ADDRESS         
           =====                   =======         
           uart_transmit           6CB0 
               calls direct
    -------------------------------------------------------------------------
ISR_CODE
  Relative segment, address: 5F2A - 5F3B (0x12 bytes), align: 1
  Segment part 45.            Intra module refs:   Timer_A0::??INTVEC 108
           ENTRY                   ADDRESS         REF BY
           =====                   =======         ======
           Timer_A0                5F2A 
               interrupt function
    -------------------------------------------------------------------------
ISR_CODE
  Relative segment, address: 5F3C - 5F4D (0x12 bytes), align: 1
  Segment part 46.            Intra module refs:   Timer_B0::??INTVEC 120
           ENTRY                   ADDRESS         REF BY
           =====                   =======         ======
           Timer_B0                5F3C 
               interrupt function
    -------------------------------------------------------------------------
INTVEC
  Common segment, address: FF80 - FFED (0x6e bytes), align: 1
  Segment part 11. ROOT 
           ENTRY                   ADDRESS         REF BY
           =====                   =======         ======
           Timer_A0::??INTVEC 108
                                   FFEC 
    -------------------------------------------------------------------------
INTVEC
  Common segment, address: FF80 - FFF9 (0x7a bytes), align: 1
  Segment part 12. ROOT 
           ENTRY                   ADDRESS         REF BY
           =====                   =======         ======
           Timer_B0::??INTVEC 120
                                   FFF8 

    *************************************************************************

  FILE NAME : C:\03.Station\Noroshi_station_920MHz for NiikuraSan setRSSI\ide\iar\cc1200_rx_sniff_mode_920MHzx100kbps\RX\Obj\cc120x_spi.r43
  PROGRAM MODULE, NAME : cc120x_spi

  SEGMENTS IN THE MODULE
  ======================
<CODE> 1 (was CODE)
  Relative segment, address: 75AC - 75FF (0x54 bytes), align: 1
  Segment part 2.
           ENTRY                   ADDRESS         REF BY
           =====                   =======         ======
           cc120xSpiReadReg        75AC            calibrateRCOsc (cc1200_rx_sniff_mode_rx)
                                                   getRSSI (cc1200_rx_sniff_mode_rx)
                                                   runRX (cc1200_rx_sniff_mode_rx)
               calls direct
    -------------------------------------------------------------------------
<CODE> 1 (was CODE)
  Relative segment, address: 7600 - 7651 (0x52 bytes), align: 1
  Segment part 3.
           ENTRY                   ADDRESS         REF BY
           =====                   =======         ======
           cc120xSpiWriteReg       7600            calibrateRCOsc (cc1200_rx_sniff_mode_rx)
                                                   registerConfig (cc1200_rx_sniff_mode_rx)
               calls direct
    -------------------------------------------------------------------------
<CODE> 1 (was CODE)
  Relative segment, address: 7D50 - 7D5B (0xc bytes), align: 1
  Segment part 5.
           ENTRY                   ADDRESS         REF BY
           =====                   =======         ======
           cc120xSpiReadRxFifo     7D50            runRX (cc1200_rx_sniff_mode_rx)
               calls direct

    *************************************************************************

  FILE NAME : C:\03.Station\Noroshi_station_920MHz for NiikuraSan setRSSI\ide\iar\cc1200_rx_sniff_mode_920MHzx100kbps\RX\Obj\flash_trxeb.r43
  PROGRAM MODULE, NAME : flash_trxeb

  SEGMENTS IN THE MODULE
  ======================
DATA16_AN
  Relative segment, address: 0266 - 0267 (0x2 bytes), align: 0
  Segment part 3. ROOT 
           ENTRY                   ADDRESS         REF BY
           =====                   =======         ======
           _A_PDREN_L              0266 
           LOCAL                   ADDRESS         
           =====                   =======         
           PDREN                   0266 
           PDREN_H                 0267 
           PDREN_L                 0266 
    -------------------------------------------------------------------------
DATA16_AN
  Relative segment, address: 066C - 066C (0x1 bytes), align: 0
  Segment part 6. ROOT 
           ENTRY                   ADDRESS         REF BY
           =====                   =======         ======
           UCB2RXBUF               066C 
    -------------------------------------------------------------------------
DATA16_AN
  Relative segment, address: 066E - 066E (0x1 bytes), align: 0
  Segment part 7. ROOT        Intra module refs:   lcdSendArray (lcd_trxeb)
           ENTRY                   ADDRESS         REF BY
           =====                   =======         ======
           UCB2TXBUF               066E 
    -------------------------------------------------------------------------
DATA16_AN
  Relative segment, address: 067C - 067D (0x2 bytes), align: 0
  Segment part 8. ROOT        Intra module refs:   lcdSendArray (lcd_trxeb)
           ENTRY                   ADDRESS         REF BY
           =====                   =======         ======
           _A_UCB2ICTL_L           067C 
           LOCAL                   ADDRESS         
           =====                   =======         
           UCB2ICTL                067C 
           UCB2ICTL_H              067D 
           UCB2ICTL_L              067C 

    *************************************************************************

  FILE NAME : C:\03.Station\Noroshi_station_920MHz for NiikuraSan setRSSI\ide\iar\cc1200_rx_sniff_mode_920MHzx100kbps\RX\Obj\hal_spi_rf_trxeb.r43
  PROGRAM MODULE, NAME : hal_spi_rf_trxeb

  SEGMENTS IN THE MODULE
  ======================
DATA16_AN
  Relative segment, address: 0220 - 0221 (0x2 bytes), align: 0
  Segment part 1. ROOT        Intra module refs:   trx16BitRegAccess
                                                   trx8BitRegAccess
                                                   trxSpiCmdStrobe
           ENTRY                   ADDRESS         REF BY
           =====                   =======         ======
           _A_PBIN_L               0220 
           LOCAL                   ADDRESS         
           =====                   =======         
           PBIN                    0220 
           PBIN_H                  0221 
           PBIN_L                  0220 
    -------------------------------------------------------------------------
DATA16_AN
  Relative segment, address: 05E0 - 05E1 (0x2 bytes), align: 0
  Segment part 5. ROOT        Intra module refs:   trxRfSpiInterfaceInit
           ENTRY                   ADDRESS         REF BY
           =====                   =======         ======
           _A_UCB0CTLW0_L          05E0 
           LOCAL                   ADDRESS         
           =====                   =======         
           UCB0CTLW0               05E0 
           UCB0CTLW0_H             05E1 
           UCB0CTLW0_L             05E0 
    -------------------------------------------------------------------------
DATA16_AN
  Relative segment, address: 05E6 - 05E7 (0x2 bytes), align: 0
  Segment part 6. ROOT        Intra module refs:   trxRfSpiInterfaceInit
           ENTRY                   ADDRESS         REF BY
           =====                   =======         ======
           _A_UCB0BRW_L            05E6 
           LOCAL                   ADDRESS         
           =====                   =======         
           UCB0BRW                 05E6 
           UCB0BRW_H               05E7 
           UCB0BRW_L               05E6 
    -------------------------------------------------------------------------
DATA16_AN
  Relative segment, address: 05EC - 05EC (0x1 bytes), align: 0
  Segment part 7. ROOT        Intra module refs:   trx16BitRegAccess
                                                   trx8BitRegAccess
                                                   trxReadWriteBurstSingle
                                                   trxSpiCmdStrobe
           ENTRY                   ADDRESS         REF BY
           =====                   =======         ======
           UCB0RXBUF               05EC 
    -------------------------------------------------------------------------
DATA16_AN
  Relative segment, address: 05EE - 05EE (0x1 bytes), align: 0
  Segment part 8. ROOT        Intra module refs:   trx16BitRegAccess
                                                   trx8BitRegAccess
                                                   trxReadWriteBurstSingle
                                                   trxSpiCmdStrobe
           ENTRY                   ADDRESS         REF BY
           =====                   =======         ======
           UCB0TXBUF               05EE 
    -------------------------------------------------------------------------
DATA16_AN
  Relative segment, address: 05FC - 05FD (0x2 bytes), align: 0
  Segment part 9. ROOT        Intra module refs:   trx16BitRegAccess
                                                   trx8BitRegAccess
                                                   trxReadWriteBurstSingle
                                                   trxSpiCmdStrobe
           ENTRY                   ADDRESS         REF BY
           =====                   =======         ======
           _A_UCB0ICTL_L           05FC 
           LOCAL                   ADDRESS         
           =====                   =======         
           UCB0ICTL                05FC 
           UCB0ICTL_H              05FD 
           UCB0ICTL_L              05FC 
    -------------------------------------------------------------------------
<CODE> 1 (was CODE)
  Relative segment, address: 78D6 - 7911 (0x3c bytes), align: 1
  Segment part 11.
           ENTRY                   ADDRESS         REF BY
           =====                   =======         ======
           trxRfSpiInterfaceInit   78D6            initMCU (cc1200_rx_sniff_mode_rx)
    -------------------------------------------------------------------------
<CODE> 1 (was CODE)
  Relative segment, address: 7912 - 794D (0x3c bytes), align: 1
  Segment part 13.
           ENTRY                   ADDRESS         REF BY
           =====                   =======         ======
           trx8BitRegAccess        7912            cc120xSpiReadReg (cc120x_spi)
                                                   cc120xSpiReadRxFifo (cc120x_spi)
                                                   cc120xSpiWriteReg (cc120x_spi)
               calls direct
    -------------------------------------------------------------------------
<CODE> 1 (was CODE)
  Relative segment, address: 76A2 - 76EF (0x4e bytes), align: 1
  Segment part 14.
           ENTRY                   ADDRESS         REF BY
           =====                   =======         ======
           trx16BitRegAccess       76A2            cc120xSpiReadReg (cc120x_spi)
                                                   cc120xSpiWriteReg (cc120x_spi)
               calls direct
    -------------------------------------------------------------------------
<CODE> 1 (was CODE)
  Relative segment, address: 7B16 - 7B3B (0x26 bytes), align: 1
  Segment part 15.
           ENTRY                   ADDRESS         REF BY
           =====                   =======         ======
           trxSpiCmdStrobe         7B16            calibrateRCOsc (cc1200_rx_sniff_mode_rx)
                                                   registerConfig (cc1200_rx_sniff_mode_rx)
                                                   runRX (cc1200_rx_sniff_mode_rx)
    -------------------------------------------------------------------------
<CODE> 1 (was CODE)
  Relative segment, address: 7360 - 73CF (0x70 bytes), align: 1
  Segment part 12.            Intra module refs:   trx16BitRegAccess
                                                   trx8BitRegAccess
           LOCAL                   ADDRESS         
           =====                   =======         
           trxReadWriteBurstSingle
                                   7360 

    *************************************************************************

  FILE NAME : C:\03.Station\Noroshi_station_920MHz for NiikuraSan setRSSI\ide\iar\cc1200_rx_sniff_mode_920MHzx100kbps\RX\Obj\io_pin_int.r43
  PROGRAM MODULE, NAME : io_pin_int

  SEGMENTS IN THE MODULE
  ======================
DATA16_AN
  Relative segment, address: 0218 - 0219 (0x2 bytes), align: 0
  Segment part 1. ROOT        Intra module refs:   ioPinIntTypeSet
           ENTRY                   ADDRESS         REF BY
           =====                   =======         ======
           _A_PAIES_L              0218 
           LOCAL                   ADDRESS         
           =====                   =======         
           PAIES                   0218 
           PAIES_H                 0219 
           PAIES_L                 0218 
    -------------------------------------------------------------------------
DATA16_Z
  Relative segment, address: 1CD4 - 1CD4 (0x1 bytes), align: 0
  Segment part 7.             Intra module refs:   ioPinIntRegister
                                                   ioPort1Isr
           LOCAL                   ADDRESS         
           =====                   =======         
           ioPort1PinHasIsr        1CD4 
    -------------------------------------------------------------------------
DATA16_Z
  Relative segment, address: 1CD5 - 1CD5 (0x1 bytes), align: 0
  Segment part 8.             Intra module refs:   ioPinIntRegister
                                                   ioPort2Isr
           LOCAL                   ADDRESS         
           =====                   =======         
           ioPort2PinHasIsr        1CD5 
    -------------------------------------------------------------------------
DATA16_Z
  Relative segment, address: 1C68 - 1C87 (0x20 bytes), align: 1
  Segment part 9.             Intra module refs:   ioPinIntRegister
[...]
               calls direct

    -------------------------------------------------------------------------
  LIBRARY MODULE, NAME : ?_exit

  SEGMENTS IN THE MODULE
  ======================
<CODE> 1 (was CODE)
  Relative segment, address: 7D6A, align: 1
  Segment part 0.
           ENTRY                   ADDRESS         REF BY
           =====                   =======         ======
           _exit                   7D6A            exit (?exit)
    -------------------------------------------------------------------------
<CODE> 1 (was CODE)
  Relative segment, address: 7D6A - 7D6D (0x4 bytes), align: 1
  Segment part 6.             Intra module refs:   _exit

    -------------------------------------------------------------------------
  LIBRARY MODULE, NAME : ?cstart

  SEGMENTS IN THE MODULE
  ======================
CSTACK
  Relative segment, address: 5B60, align: 1
  Segment part 1.
    -------------------------------------------------------------------------
DATA16_Z
  Relative segment, address: 1CB2, align: 1
  Segment part 2.
    -------------------------------------------------------------------------
CODE_I
  Relative segment, address: 20D6, align: 1
  Segment part 5.
    -------------------------------------------------------------------------
CODE_ID
  Relative segment, address: 7D70, align: 1
  Segment part 6.
    -------------------------------------------------------------------------
DATA20_Z
  Relative segment, address: 20D6, align: 1
  Segment part 7.
    -------------------------------------------------------------------------
DATA20_I
  Relative segment, address: 20D6, align: 1
  Segment part 8.
    -------------------------------------------------------------------------
DATA20_ID
  Relative segment, address: 7D70, align: 1
  Segment part 9.
    -------------------------------------------------------------------------
DATA20_C
  Relative segment, address: 7D70, align: 1
  Segment part 10.
    -------------------------------------------------------------------------
DATA20_N
  Relative segment, address: 20D6, align: 1
  Segment part 12.
    -------------------------------------------------------------------------
CSTART
  Relative segment, address: 5EE2 - 5EE5 (0x4 bytes), align: 1
  Segment part 15.
           ENTRY                   ADDRESS         REF BY
           =====                   =======         ======
           __program_start         5EE2            ?reset_vector (?reset_vector)
                                                   Absolute parts (?ABS_ENTRY_MOD)
           ?cstart_begin           5EE2 
    -------------------------------------------------------------------------
CSTART
  Relative segment, address: 5EE6 - 5EF1 (0xc bytes), align: 1
  Segment part 19.
           ENTRY                   ADDRESS         REF BY
           =====                   =======         ======
           ?cstart_init_zero       5EE6            bspKeyIntDisabledMask (bsp_key)
                                                   bspKeysIsrTable (bsp_key)
                                                   bspKeysPressed (bsp_key)
                                                   cnf (cc1200_rx_sniff_mode_rx)
                                                   ioPort1IsrTable (io_pin_int)
                                                   ioPort1PinHasIsr (io_pin_int)
                                                   ioPort2IsrTable (io_pin_int)
                                                   ioPort2PinHasIsr (io_pin_int)
                                                   lcdDefaultBuffer (lcd_dogm128_6)
                                                   packetCounter (cc1200_rx_sniff_mode_rx)
                                                   packetSemaphore (cc1200_rx_sniff_mode_rx)
                                                   prtInfList (uart)
                                                   rxBuffer (cc1200_rx_sniff_mode_rx)
                                                   timerCount_1000 (cc1200_rx_sniff_mode_rx)
                                                   timerCount_50 (cc1200_rx_sniff_mode_rx)
                                                   uartUsciRegs (cc1200_rx_sniff_mode_rx)
                                                   ui32BspMclkSpeed (bsp)
                                                   ui32IoSpiClkSpeed (bsp)
                                                   ui8BspKeyMode (bsp_key)
    -------------------------------------------------------------------------
CSTART
  Relative segment, address: 5EF2 - 5EF9 (0x8 bytes), align: 1
  Segment part 26.            Intra module refs:   Segment part 15
           ENTRY                   ADDRESS         REF BY
           =====                   =======         ======
           ?cstart_call_main       5EF2 
           ?cstart_end             5EFA 
    -------------------------------------------------------------------------
CODE_ID
  Relative segment, address: 7D70, align: 1
  Segment part 27.            Intra module refs:   Segment part 5

    -------------------------------------------------------------------------
  LIBRARY MODULE, NAME : ?reset_vector

  SEGMENTS IN THE MODULE
  ======================
RESET
  Relative segment, address: FFFE - FFFF (0x2 bytes), align: 1
  Segment part 0.
           ENTRY                   ADDRESS         REF BY
           =====                   =======         ======
           ?reset_vector           FFFE            Segment part 15 (?cstart)

    -------------------------------------------------------------------------
  LIBRARY MODULE, NAME : ?exit

  SEGMENTS IN THE MODULE
  ======================
<CODE> 1 (was CODE)
  Relative segment, address: 7D66 - 7D69 (0x4 bytes), align: 1
  Segment part 2.
           ENTRY                   ADDRESS         REF BY
           =====                   =======         ======
           exit                    7D66            Segment part 26 (?cstart)
               calls direct

    -------------------------------------------------------------------------
  LIBRARY MODULE, NAME : ?Mul32fHw32

  SEGMENTS IN THE MODULE
  ======================
<CODE> 1 (was CODE)
  Relative segment, address: 6874 - 6989 (0x116 bytes), align: 1
  Segment part 0.
           ENTRY                   ADDRESS         REF BY
           =====                   =======         ======
           ?Mul32fHw32             6874            configUSCIUart (uart)

    -------------------------------------------------------------------------
  LIBRARY MODULE, NAME : ?Cast32f32i

  SEGMENTS IN THE MODULE
  ======================
<CODE> 1 (was CODE)
  Relative segment, address: 72E2 - 735F (0x7e bytes), align: 1
  Segment part 1.
           ENTRY                   ADDRESS         REF BY
           =====                   =======         ======
           _Cast32uto32f           72E2            configUSCIUart (uart)

    -------------------------------------------------------------------------
  LIBRARY MODULE, NAME : _Cast32fto32u

  SEGMENTS IN THE MODULE
  ======================
<CODE> 1 (was CODE)
  Relative segment, address: 7D44 - 7D4F (0xc bytes), align: 1
  Segment part 0.
           ENTRY                   ADDRESS         REF BY
           =====                   =======         ======
           _Cast32fto32u           7D44            configUSCIUart (uart)

    -------------------------------------------------------------------------
  LIBRARY MODULE, NAME : ?FLT_Extract

  SEGMENTS IN THE MODULE
  ======================
<CODE> 1 (was CODE)
  Relative segment, address: 773E - 7789 (0x4c bytes), align: 1
  Segment part 0.
           ENTRY                   ADDRESS         REF BY
           =====                   =======         ======
           ?FLT_Extract            773E            _Cast32fto32u (_Cast32fto32u)

    -------------------------------------------------------------------------
  LIBRARY MODULE, NAME : _Div32f

  SEGMENTS IN THE MODULE
  ======================
<CODE> 1 (was CODE)
  Relative segment, address: 6744 - 6873 (0x130 bytes), align: 1
  Segment part 0.
           ENTRY                   ADDRESS         REF BY
           =====                   =======         ======
           _Div32f                 6744            configUSCIUart (uart)

    -------------------------------------------------------------------------
  LIBRARY MODULE, NAME : _Add32f

  SEGMENTS IN THE MODULE
  ======================
<CODE> 1 (was CODE)
  Relative segment, address: 649C - 649F (0x4 bytes), align: 1
  Segment part 0.
           ENTRY                   ADDRESS         REF BY
           =====                   =======         ======
           _Sub32f                 649C            configUSCIUart (uart)
    -------------------------------------------------------------------------
<CODE> 1 (was CODE)
  Relative segment, address: 64A0 - 65FF (0x160 bytes), align: 1
  Segment part 1.             Intra module refs:   _Sub32f
           ENTRY                   ADDRESS         REF BY
           =====                   =======         ======
           _Add32f                 64A0            round (?round)

    -------------------------------------------------------------------------
  LIBRARY MODULE, NAME : ?DivMod816u

  SEGMENTS IN THE MODULE
  ======================
<CODE> 1 (was CODE)
  Relative segment, address: 7C32 - 7C35 (0x4 bytes), align: 1
  Segment part 0.
           ENTRY                   ADDRESS         REF BY
           =====                   =======         ======
           ?DivMod8u               7C32            lcdBufferSetHLine (lcd_dogm128_6)
    -------------------------------------------------------------------------
<CODE> 1 (was CODE)
  Relative segment, address: 7C36 - 7C4D (0x18 bytes), align: 1
  Segment part 1.             Intra module refs:   ?DivMod8u
           ENTRY                   ADDRESS         REF BY
           =====                   =======         ======
           ?DivMod16u              7C36 

    -------------------------------------------------------------------------
  LIBRARY MODULE, NAME : ?DivMod32u

  SEGMENTS IN THE MODULE
  ======================
<CODE> 1 (was CODE)
  Relative segment, address: 7A8E - 7ABD (0x30 bytes), align: 1
  Segment part 0.
           ENTRY                   ADDRESS         REF BY
           =====                   =======         ======
           ?DivMod32u              7A8E            ?DivMod32s (?DivMod32s)
                                                   bspIoSpiInit (bsp)
                                                   configUSCIUart (uart)

    -------------------------------------------------------------------------
  LIBRARY MODULE, NAME : ?DivMod32s

  SEGMENTS IN THE MODULE
  ======================
<CODE> 1 (was CODE)
  Relative segment, address: 785A - 7899 (0x40 bytes), align: 1
  Segment part 0.
           ENTRY                   ADDRESS         REF BY
           =====                   =======         ======
           ?DivMod32s              785A            lcdBufferPrintInt (lcd_dogm128_6)
                                                   lcdGetIntLength (lcd_dogm128_6)

    -------------------------------------------------------------------------
  LIBRARY MODULE, NAME : ?memcpy

  SEGMENTS IN THE MODULE
  ======================
<CODE> 1 (was CODE)
  Relative segment, address: 7CE8 - 7CF9 (0x12 bytes), align: 1
  Segment part 2.
           ENTRY                   ADDRESS         REF BY
           =====                   =======         ======
           memcpy                  7CE8            uart_transmit (cc1200_rx_sniff_mode_rx)

    -------------------------------------------------------------------------
  LIBRARY MODULE, NAME : ?CopyMemoryBytes

  SEGMENTS IN THE MODULE
  ======================
<CODE> 1 (was CODE)
  Relative segment, address: 7D0A - 7D19 (0x10 bytes), align: 1
  Segment part 0.
           ENTRY                   ADDRESS         REF BY
           =====                   =======         ======
           ?CopyMemoryBytes        7D0A            uart_transmit (cc1200_rx_sniff_mode_rx)

    -------------------------------------------------------------------------
  LIBRARY MODULE, NAME : ?ClearMemoryBytes

  SEGMENTS IN THE MODULE
  ======================
<CODE> 1 (was CODE)
  Relative segment, address: 7CFA - 7D09 (0x10 bytes), align: 1
  Segment part 0.
           ENTRY                   ADDRESS         REF BY
           =====                   =======         ======
           ?ClearMemoryBytes       7CFA            uart_transmit (cc1200_rx_sniff_mode_rx)

    -------------------------------------------------------------------------
  LIBRARY MODULE, NAME : ?memset

  SEGMENTS IN THE MODULE
  ======================
<CODE> 1 (was CODE)
  Relative segment, address: 7CD6 - 7CE7 (0x12 bytes), align: 1
  Segment part 2.
           ENTRY                   ADDRESS         REF BY
           =====                   =======         ======
           memset                  7CD6            runRX (cc1200_rx_sniff_mode_rx)

    -------------------------------------------------------------------------
  LIBRARY MODULE, NAME : ?memzero

  SEGMENTS IN THE MODULE
  ======================
<CODE> 1 (was CODE)
  Relative segment, address: 7D1A - 7D29 (0x10 bytes), align: 1
  Segment part 2.
           ENTRY                   ADDRESS         REF BY
           =====                   =======         ======
           __data16_memzero        7D1A            ?cstart_init_zero (?cstart)

    -------------------------------------------------------------------------
  LIBRARY MODULE, NAME : ?round

  SEGMENTS IN THE MODULE
  ======================
<CODE> 1 (was CODE)
  Relative segment, address: 76F0 - 773D (0x4e bytes), align: 1
  Segment part 2.
           ENTRY                   ADDRESS         REF BY
           =====                   =======         ======
           round                   76F0            configUSCIUart (uart)
               calls direct

    -------------------------------------------------------------------------
  LIBRARY MODULE, NAME : ?xdint

  SEGMENTS IN THE MODULE
  ======================
<CODE> 1 (was CODE)
  Relative segment, address: 71DA - 725F (0x86 bytes), align: 1
  Segment part 2.
           ENTRY                   ADDRESS         REF BY
           =====                   =======         ======
           __iar_Dint              71DA            round (?round)




                ****************************************
                *                                      *
                *      SEGMENTS IN ADDRESS ORDER       *
                *                                      *
                ****************************************


SEGMENT              SPACE    START ADDRESS   END ADDRESS     SIZE  TYPE  ALIGN
=======              =====    =============   ===========     ====  ====  =====
DATA16_AN                              0100 - 0103               4   rel    0
                                       0120 - 0121               2 
                                       0124 - 0127               4 
                                       012C - 012D               2 
                                       015C - 015D               2 
                                       0160 - 0165               6 
                                       0168 - 0169               2 
                                       016C - 016F               4 
                                       0200 - 0207               8 
                                       020A - 020B               2 
                                       0218 - 021D               6 
                                       0220 - 0225               6 
                                       022A - 022B               2 
                                       0242 - 0247               6 
                                       024A - 024B               2 
                                       0262 - 026B               A 
                                       0282 - 0287               6 
                                       028A - 028B               2 
                                       0340 - 0345               6 
                                       0352 - 0355               4 
                                       03C0 - 03C5               6 
                                       03D2 - 03D5               4 
                                       05C0 - 05C1               2 
                                       05C6 - 05C8               3 
                                       05CC - 05CC               1 
                                       05CE - 05CE               1 
                                       05DC - 05E1               6 
                                       05E6 - 05E7               2 
                                       05EC - 05EC               1 
                                       05EE - 05EE               1 
                                       05FC - 05FD               2 
                                       0600 - 0601               2 
                                       0606 - 0608               3 
                                       060C - 060C               1 
                                       060E - 060E               1 
                                       061C - 061F               4 
                                       0640 - 0641               2 
                                       0646 - 0648               3 
                                       064C - 064C               1 
                                       064E - 064E               1 
                                       065C - 0661               6 
                                       0666 - 0667               2 
                                       066A - 066A               1 
                                       066C - 066C               1 
                                       066E - 066E               1 
                                       067C - 067D               2 
                                       0700 - 0705               6 
                                       070A - 070B               2 
                                       0710 - 0710               1 
                                       0720 - 0721               2 
DATA16_I                                  1C00                       dse    0
DATA16_Z                               1C00 - 20D5             4D6   rel    1
DATA20_I                                  20D6                       rel    1
DATA20_Z                                  20D6                       rel    1
DATA20_N                                  20D6                       rel    1
CODE_I                                    20D6                       rel    1
CSTACK                                 5B60 - 5BFF              A0   rel    1
DATA16_C                               5C00 - 5EE0             2E1   rel    1
CSTART                                 5EE2 - 5EF9              18   rel    1
ISR_CODE                               5EFA - 624F             356   rel    1
<CODE> 1                               6250 - 7D6F            1B20   rel    1
DATA20_ID                                 7D70                       rel    1
DATA20_C                                  7D70                       rel    1
CODE_ID                                   7D70                       rel    1
INTVEC                                 FF80 - FFF9              7A   com    1
RESET                                  FFFE - FFFF               2   rel    1

                ****************************************
                *                                      *
                *        END OF CROSS REFERENCE        *
                *                                      *
                ****************************************

 7 946 bytes of CODE  memory
 1 398 bytes of DATA  memory (+ 157 absolute )
   737 bytes of CONST memory

Errors: none
Warnings: none

